// Bun Snapshot v1, https://bun.sh/docs/test/snapshots

exports[`snapshots Header with directory 1`] = `
"EPUB Generator  [epub]  │  /test/path                       
                                                            
                                                            
                                                            
                                                            
                                                            
                                                            
                                                            
                                                            
                                                            
"
`;

exports[`snapshots HelpModal 1`] = `
"┌──────────────────────────────────────────────────────────┐
│                                                          │
│ Keyboard Shortcuts                                       │
│                                                          │
│ [\`] Config overview                                    █ │
│ [a] Select All                                         █ │
│ [c] Change dir                                         █ │
│ [Enter] Process EPUB                                   █ │
│ [f] Toggle output format                               █ │
│ [m] Set author                                         █ │
│ [n] Rename folder                                      █ │
│ [p] Pad filenames                                        │
│ [q] Quit                                                 │
│ [r] Refresh                                              │
│ [Space] Toggle selection                                 │
│                                                          │
│ [Esc] · [h] close                                        │
│                                                          │
└──────────────────────────────────────────────────────────┘
                                                            
"
`;
