// Bun Snapshot v1, https://bun.sh/docs/test/snapshots

exports[`snapshots Header with directory 1`] = `
"EPUB Generator  [EPUB]                                      
/test/path                                                  
                                                            
                                                            
                                                            
                                                            
                                                            
                                                            
                                                            
                                                            
"
`;

exports[`snapshots InfoMessage with counts 1`] = `
"                                                            
Found 3 folder(s), 1 zip(s)                                 
↑↓ to navigate, [Space] to toggle, [Enter] to process. [n]  
to rename, [f] format, [C] config [h] help                  
                                                            
                                                            
                                                            
                                                            
                                                            
                                                            
"
`;

exports[`snapshots HelpModal 1`] = `
"┌──────────────────────────────────────────────────────────┐
│                                                          │
│ Keyboard Shortcuts                                       │
│                                                          │
│ [Space]Toggle selection                                  │
│ [a]Select All (toggle)                                   │
│ [Enter]Process EPUB                                      │
│ [p]Pad filenames                                         │
│ [u]Unzip                                                 │
│ [c]Change dir                                            │
│ [r]Refresh                                               │
│ [n]Rename folder                                         │
│ [m]Set author                                            │
│ [f]Toggle output format                                  │
│ [C]Config overview                                       │
│                                                          │
│ [q]Quit                                                  │
│ [Esc] or [h]Close help                                   │
│                                                          │
└──────────────────────────────────────────────────────────┘
"
`;
